Unity Editor version:    6000.2.15f1 (0707b6d1e918)
Branch:                  6000.2/staging
Build type:              Release
Batch mode:              YES
macOS version:           Version 26.2 (Build 25C56)
Darwin version:          25.2.0
Architecture:            arm64
Running under Rosetta:   NO
Available memory:        8192 MB
Date:                    2026-02-07T03:31:53Z
[Licensing::Module] Trying to connect to existing licensing client channel...
[Licensing::IpcConnector] Successfully connected to: "LicenseClient-portal" at "2026-02-07T03:31:53.659878Z"

COMMAND LINE ARGUMENTS:
/Applications/Unity/Hub/Editor/6000.2.15f1/Unity.app/Contents/MacOS/Unity
-adb2
-batchMode
-noUpm
-name
AssetImportWorker0
-projectPath
/Users/portal/Github/Games-4900-Spr26-YifeiQiu/Unity
-logFile
Logs/AssetImportWorker0.log
-srvPort
50152
-licensingIpc
LicenseClient-portal
-job-worker-count
3
-background-job-worker-count
8
-gc-helper-count
1
-name AssetImport
Successfully changed project path to: /Users/portal/Github/Games-4900-Spr26-YifeiQiu/Unity
/Users/portal/Github/Games-4900-Spr26-YifeiQiu/Unity
[UnityMemory] Configuration Parameters - Can be set up in boot.config
    "memorysetup-allocator-temp-initial-block-size-main=262144"
    "memorysetup-allocator-temp-initial-block-size-worker=262144"
    "memorysetup-bucket-allocator-granularity=16"
    "memorysetup-bucket-allocator-bucket-count=8"
    "memorysetup-bucket-allocator-block-size=33554432"
    "memorysetup-bucket-allocator-block-count=8"
    "memorysetup-main-allocator-block-size=16777216"
    "memorysetup-thread-allocator-block-size=16777216"
    "memorysetup-gfx-main-allocator-block-size=16777216"
    "memorysetup-gfx-thread-allocator-block-size=16777216"
    "memorysetup-cache-allocator-block-size=4194304"
    "memorysetup-typetree-allocator-block-size=2097152"
    "memorysetup-profiler-bucket-allocator-granularity=16"
    "memorysetup-profiler-bucket-allocator-bucket-count=8"
    "memorysetup-profiler-bucket-allocator-block-size=33554432"
    "memorysetup-profiler-bucket-allocator-block-count=8"
    "memorysetup-profiler-allocator-block-size=16777216"
    "memorysetup-profiler-editor-allocator-block-size=1048576"
    "memorysetup-temp-allocator-size-main=16777216"
    "memorysetup-job-temp-allocator-block-size=2097152"
    "memorysetup-job-temp-allocator-block-size-background=1048576"
    "memorysetup-job-temp-allocator-reduction-small-platforms=262144"
    "memorysetup-temp-allocator-size-background-worker=32768"
    "memorysetup-temp-allocator-size-job-worker=262144"
    "memorysetup-temp-allocator-size-preload-manager=33554432"
    "memorysetup-temp-allocator-size-nav-mesh-worker=65536"
    "memorysetup-temp-allocator-size-audio-worker=65536"
    "memorysetup-temp-allocator-size-cloud-worker=32768"
    "memorysetup-temp-allocator-size-gi-baking-worker=262144"
    "memorysetup-temp-allocator-size-gi-baking-worker=262144"
    "memorysetup-temp-allocator-size-gi-baking-worker=262144"
    "memorysetup-temp-allocator-size-gi-baking-worker=262144"
    "memorysetup-temp-allocator-size-gi-baking-worker=262144"
    "memorysetup-temp-allocator-size-gfx=262144"
Player connection [8758324288]  Target information:

Player connection [8758324288]  * "[IP] 10.0.0.249 [Port] 0 [Flags] 2 [Guid] 1009387881 [EditorId] 1009387881 [Version] 1048832 [Id] OSXEditor(0,MacBook-Pro-van-Portal.local) [Debug] 1 [PackageName] OSXEditor [ProjectName] Editor" 

Player connection [8758324288] Host joined multi-casting on [225.0.0.222:54997]...
Player connection [8758324288] Host joined alternative multi-casting on [225.0.0.222:34997]...
JobSystem: Creating JobQueue using job-worker-count value 3
Input System module state changed to: Initialized.
[Physics::Module] Initialized fallback backend.
[Physics::Module] Id: 0xdecafbad
Library Redirect Path: Library/
[Physics::Module] Selected backend.
[Physics::Module] Name: PhysX
[Physics::Module] Id: 0xf2b8ea05
[Physics::Module] SDK Version: 4.1.2
[Physics::Module] Integration Version: 1.0.0
[Physics::Module] Threading Mode: Multi-Threaded
Refreshing native plugins compatible for Editor in 0.00 ms, found 0 plugins.
Preloading 0 native plugins for Editor in 0.00 ms.
Initialize engine version: 6000.2.15f1 (0707b6d1e918)
[Subsystems] Discovering subsystems at path /Applications/Unity/Hub/Editor/6000.2.15f1/Unity.app/Contents/Resources/UnitySubsystems
[Subsystems] Discovering subsystems at path /Users/portal/Github/Games-4900-Spr26-YifeiQiu/Unity/Assets
GfxDevice: creating device client; kGfxThreadingModeNonThreaded
 preferred device: Apple M1 (high power)
Metal devices available: 1
0: Apple M1 (high power)
Using device Apple M1 (high power)
Initializing Metal device caps: Apple M1
Mac GPU Family: 2
Apple GPU Family: 7
MSL Version: 3.0
Has Float MSAA: 1
Has Float Filtering: 1
ReadWrite Texture Tier: 2
Initialize mono
Mono path[0] = '/Applications/Unity/Hub/Editor/6000.2.15f1/Unity.app/Contents/Managed'
Mono path[1] = '/Applications/Unity/Hub/Editor/6000.2.15f1/Unity.app/Contents/MonoBleedingEdge/lib/mono/unityjit-macos'
Mono config path = '/Applications/Unity/Hub/Editor/6000.2.15f1/Unity.app/Contents/MonoBleedingEdge/etc'
Using monoOptions --debugger-agent=transport=dt_socket,embedding=1,server=y,suspend=n,address=127.0.0.1:56130
Begin MonoManager ReloadAssembly
Registering precompiled unity dll's ...
Register platform support module: /Applications/Unity/Hub/Editor/6000.2.15f1/PlaybackEngines/WebGLSupport/UnityEditor.WebGL.Extensions.dll
Register platform support module: /Applications/Unity/Hub/Editor/6000.2.15f1/Unity.app/Contents/PlaybackEngines/MacStandaloneSupport/UnityEditor.OSXStandalone.Extensions.dll
Register platform support module: /Applications/Unity/Hub/Editor/6000.2.15f1/PlaybackEngines/WindowsStandaloneSupport/UnityEditor.WindowsStandalone.Extensions.dll
Registered in 0.001626 seconds.
- Loaded All Assemblies, in  0.320 seconds
Native extension for WindowsStandalone target not found
Native extension for OSXStandalone target not found
Native extension for WebGL target not found
[Licensing::Client] Handshaking with LicensingClient:
  Version:                 1.17.4+4293ba1
  Session Id:              9e46b8531e5944b882e1b6672117d9a4
  Correlation Id:          a2b6b0cbfcf9f393cf88c4429d3d28f3
  External correlation Id: 8894448147767681368
  Machine Id:              eO9DKzB4f+hBc53wRjYSvxpYZsg=
[Licensing::Module] Successfully connected to LicensingClient on channel: "LicenseClient-portal" (connect: 0.00s, validation: 0.00s, handshake: 0.88s)
[Licensing::IpcConnector] Successfully connected to: "LicenseClient-portal-notifications" at "2026-02-07T03:31:54.544735Z"
[Licensing::Module] Licensing Background thread has ended after 0.88s
Mono: successfully reloaded assembly
- Finished resetting the current domain, in  0.295 seconds
Domain Reload Profiling: 615ms
	BeginReloadAssembly (108ms)
		ExecutionOrderSort (0ms)
		DisableScriptedObjects (0ms)
		BackupInstance (0ms)
		ReleaseScriptingObjects (0ms)
		CreateAndSetChildDomain (0ms)
	RebuildCommonClasses (30ms)
	RebuildNativeTypeToScriptingClass (10ms)
	initialDomainReloadingComplete (36ms)
	LoadAllAssembliesAndSetupDomain (135ms)
		LoadAssemblies (109ms)
		RebuildTransferFunctionScriptingTraits (0ms)
		AnalyzeDomain (132ms)
			TypeCache.Refresh (131ms)
				TypeCache.ScanAssembly (116ms)
			BuildScriptInfoCaches (0ms)
			ResolveRequiredComponents (0ms)
	FinalizeReload (295ms)
		ReleaseScriptCaches (0ms)
		RebuildScriptCaches (0ms)
		SetupLoadedEditorAssemblies (270ms)
			LogAssemblyErrors (0ms)
			InitializePlatformSupportModulesInManaged (39ms)
			SetLoadedEditorAssemblies (3ms)
			BeforeProcessingInitializeOnLoad (58ms)
			ProcessInitializeOnLoadAttributes (102ms)
			ProcessInitializeOnLoadMethodAttributes (68ms)
			AfterProcessingInitializeOnLoad (0ms)
			EditorAssembliesLoaded (0ms)
		ExecutionOrderSort2 (0ms)
		AwakeInstancesAfterBackupRestoration (0ms)
[CoreBusinessMetrics] Unexpected thread when updating session info.
========================================================================
Worker process is ready to serve import requests
Import Worker Mode flag is 0x00
Begin MonoManager ReloadAssembly
[Licensing::Client] Successfully resolved entitlement details
[Licensing::Module] License group:
  Id: 20066814446849-UnityPersXXXX
  Product: Unity Personal
  Type: Assigned
  Expiration: Unlimited
- Loaded All Assemblies, in  0.151 seconds
Refreshing native plugins compatible for Editor in 0.00 ms, found 0 plugins.
Native extension for WindowsStandalone target not found
Native extension for OSXStandalone target not found
Native extension for WebGL target not found
Mono: successfully reloaded assembly
- Finished resetting the current domain, in  0.265 seconds
Domain Reload Profiling: 416ms
	BeginReloadAssembly (92ms)
		ExecutionOrderSort (0ms)
		DisableScriptedObjects (4ms)
		BackupInstance (0ms)
		ReleaseScriptingObjects (0ms)
		CreateAndSetChildDomain (22ms)
	RebuildCommonClasses (27ms)
	RebuildNativeTypeToScriptingClass (10ms)
	initialDomainReloadingComplete (11ms)
	LoadAllAssembliesAndSetupDomain (11ms)
		LoadAssemblies (40ms)
		RebuildTransferFunctionScriptingTraits (0ms)
		AnalyzeDomain (7ms)
			TypeCache.Refresh (5ms)
				TypeCache.ScanAssembly (1ms)
			BuildScriptInfoCaches (0ms)
			ResolveRequiredComponents (0ms)
	FinalizeReload (265ms)
		ReleaseScriptCaches (0ms)
		RebuildScriptCaches (0ms)
		SetupLoadedEditorAssemblies (183ms)
			LogAssemblyErrors (0ms)
			InitializePlatformSupportModulesInManaged (2ms)
			SetLoadedEditorAssemblies (4ms)
			BeforeProcessingInitializeOnLoad (57ms)
			ProcessInitializeOnLoadAttributes (97ms)
			ProcessInitializeOnLoadMethodAttributes (23ms)
			AfterProcessingInitializeOnLoad (1ms)
			EditorAssembliesLoaded (0ms)
		ExecutionOrderSort2 (0ms)
		AwakeInstancesAfterBackupRestoration (4ms)
Launching external process: /Applications/Unity/Hub/Editor/6000.2.15f1/Unity.app/Contents/Tools/UnityShaderCompiler
Launched and connected shader compiler UnityShaderCompiler after 0.04 seconds
Refreshing native plugins compatible for Editor in 0.00 ms, found 0 plugins.
Preloading 0 native plugins for Editor in 0.00 ms.
Unloading 0 Unused Serialized files (Serialized files now loaded: 0)
Unloading 4 unused Assets / (20.8 KB). Loaded Objects now: 504.
Memory consumption went from 59.5 MB to 59.4 MB.
Total: 4.186459 ms (FindLiveObjects: 0.018708 ms CreateObjectMapping: 0.002083 ms MarkObjects: 4.098417 ms  DeleteObjects: 0.066917 ms)

========================================================================
Received Import Request.
  Time since last request: 729.347621 seconds.
  path: Assets/InputSystem_Actions.inputactions
  artifactKey: Guid(052faaac586de48259a63d0c4782560b) Importer(2089858483,192608db42251d675da83286b1cce702)
Start importing Assets/InputSystem_Actions.inputactions using Guid(052faaac586de48259a63d0c4782560b) Importer(2089858483,192608db42251d675da83286b1cce702) (ScriptedImporter) -> (artifact id: '80337c1b06c6f74a8f615959abfa658b') in 0.053545959 seconds
Number of updated asset objects reloaded before import = 0Number of asset objects unloaded after import = 1

========================================================================
Received Import Request.
  Time since last request: 0.000045 seconds.
  path: Assets/Settings/SampleSceneProfile.asset
  artifactKey: Guid(10fc4df2da32a41aaa32d77bc913491c) Importer(2089858483,192608db42251d675da83286b1cce702)
Start importing Assets/Settings/SampleSceneProfile.asset using Guid(10fc4df2da32a41aaa32d77bc913491c) Importer(2089858483,192608db42251d675da83286b1cce702) (ScriptedImporter) -> (artifact id: '916a4e4019364e0f0c7fc6513ca532fb') in 0.00146425 seconds
Number of updated asset objects reloaded before import = 0Number of asset objects unloaded after import = 1

========================================================================
Received Import Request.
  Time since last request: 0.000078 seconds.
  path: Assets/Settings/PC_RPAsset.asset
  artifactKey: Guid(4b83569d67af61e458304325a23e5dfd) Importer(2089858483,192608db42251d675da83286b1cce702)
Start importing Assets/Settings/PC_RPAsset.asset using Guid(4b83569d67af61e458304325a23e5dfd) Importer(2089858483,192608db42251d675da83286b1cce702) (ScriptedImporter) -> (artifact id: '9ded15397b4900f4961323528de273cd') in 0.002303583 seconds
Number of updated asset objects reloaded before import = 0Number of asset objects unloaded after import = 0

========================================================================
Received Import Request.
  Time since last request: 0.000137 seconds.
  path: Assets/TutorialInfo/Layout.wlt
  artifactKey: Guid(eabc9546105bf4accac1fd62a63e88e6) Importer(2089858483,192608db42251d675da83286b1cce702)
Start importing Assets/TutorialInfo/Layout.wlt using Guid(eabc9546105bf4accac1fd62a63e88e6) Importer(2089858483,192608db42251d675da83286b1cce702) (ScriptedImporter) -> (artifact id: '18cc8c39f4aaeb69c5a0427e158fe35c') in 0.001113833 seconds
Number of updated asset objects reloaded before import = 0Number of asset objects unloaded after import = 1

========================================================================
Received Import Request.
  Time since last request: 0.000094 seconds.
  path: Assets/TutorialInfo/Scripts/Editor/ReadmeEditor.cs
  artifactKey: Guid(476cc7d7cd9874016adc216baab94a0a) Importer(2089858483,192608db42251d675da83286b1cce702)
Start importing Assets/TutorialInfo/Scripts/Editor/ReadmeEditor.cs using Guid(476cc7d7cd9874016adc216baab94a0a) Importer(2089858483,192608db42251d675da83286b1cce702) (ScriptedImporter) -> (artifact id: '12679708d18ce922cd84189425276fc2') in 0.019221375 seconds
Number of updated asset objects reloaded before import = 0Number of asset objects unloaded after import = 0

========================================================================
Received Import Request.
  Time since last request: 0.000183 seconds.
  path: Assets/Settings/PC_Renderer.asset
  artifactKey: Guid(f288ae1f4751b564a96ac7587541f7a2) Importer(2089858483,192608db42251d675da83286b1cce702)
Start importing Assets/Settings/PC_Renderer.asset using Guid(f288ae1f4751b564a96ac7587541f7a2) Importer(2089858483,192608db42251d675da83286b1cce702) (ScriptedImporter) -> (artifact id: 'fa684706922a7d258c7b4db806c63dcb') in 0.00170625 seconds
Number of updated asset objects reloaded before import = 0Number of asset objects unloaded after import = 1

========================================================================
Received Import Request.
  Time since last request: 0.000152 seconds.
  path: Assets/Settings/DefaultVolumeProfile.asset
  artifactKey: Guid(ab09877e2e707104187f6f83e2f62510) Importer(2089858483,192608db42251d675da83286b1cce702)
Start importing Assets/Settings/DefaultVolumeProfile.asset using Guid(ab09877e2e707104187f6f83e2f62510) Importer(2089858483,192608db42251d675da83286b1cce702) (ScriptedImporter) -> (artifact id: '223dc2def6bd99e4bea686bab31925af') in 0.00187875 seconds
Number of updated asset objects reloaded before import = 0Number of asset objects unloaded after import = 1

========================================================================
Received Import Request.
  Time since last request: 0.000073 seconds.
  path: Assets/Readme.asset
  artifactKey: Guid(8105016687592461f977c054a80ce2f2) Importer(2089858483,192608db42251d675da83286b1cce702)
Start importing Assets/Readme.asset using Guid(8105016687592461f977c054a80ce2f2) Importer(2089858483,192608db42251d675da83286b1cce702) (ScriptedImporter) -> (artifact id: '7545ed56a55f09a3e853d95867680b20') in 0.010768292 seconds
Number of updated asset objects reloaded before import = 0Number of asset objects unloaded after import = 2

========================================================================
Received Import Request.
  Time since last request: 0.000114 seconds.
  path: Assets/Settings/UniversalRenderPipelineGlobalSettings.asset
  artifactKey: Guid(18dc0cd2c080841dea60987a38ce93fa) Importer(2089858483,192608db42251d675da83286b1cce702)
Start importing Assets/Settings/UniversalRenderPipelineGlobalSettings.asset using Guid(18dc0cd2c080841dea60987a38ce93fa) Importer(2089858483,192608db42251d675da83286b1cce702) (ScriptedImporter) -> (artifact id: 'd252c759b8af77eb3504280e5da4017f') in 0.002806792 seconds
Number of updated asset objects reloaded before import = 0Number of asset objects unloaded after import = 1

========================================================================
Received Import Request.
  Time since last request: 0.000077 seconds.
  path: Assets/TutorialInfo/Scripts/Readme.cs
  artifactKey: Guid(fcf7219bab7fe46a1ad266029b2fee19) Importer(2089858483,192608db42251d675da83286b1cce702)
Start importing Assets/TutorialInfo/Scripts/Readme.cs using Guid(fcf7219bab7fe46a1ad266029b2fee19) Importer(2089858483,192608db42251d675da83286b1cce702) (ScriptedImporter) -> (artifact id: '5ca64cd0bbceb9c6bdf36be67507196f') in 0.001691542 seconds
Number of updated asset objects reloaded before import = 0Number of asset objects unloaded after import = 0

========================================================================
Received Import Request.
  Time since last request: 0.330341 seconds.
  path: Assets/Kenny3D
  artifactKey: Guid(11ce22aa974c3438a80c26ff8fc9fa6b) Importer(815301076,1909f56bfc062723c751e8b465ee728b)
Start importing Assets/Kenny3D using Guid(11ce22aa974c3438a80c26ff8fc9fa6b) Importer(815301076,1909f56bfc062723c751e8b465ee728b) (PreviewImporter) -> (artifact id: '056d0aad79e3fbc126c8c313a648471e') in 0.000352041 seconds
Number of updated asset objects reloaded before import = 0Number of asset objects unloaded after import = 0

========================================================================
Received Import Request.
  Time since last request: 0.973899 seconds.
  path: Assets/Kenny3D
  artifactKey: Guid(11ce22aa974c3438a80c26ff8fc9fa6b) Importer(2089858483,192608db42251d675da83286b1cce702)
Start importing Assets/Kenny3D using Guid(11ce22aa974c3438a80c26ff8fc9fa6b) Importer(2089858483,192608db42251d675da83286b1cce702) (ScriptedImporter) -> (artifact id: 'a659d7118d3438987b49cccbbaf22022') in 0.001476 seconds
Number of updated asset objects reloaded before import = 0Number of asset objects unloaded after import = 1

========================================================================
Received Import Request.
  Time since last request: 30.384548 seconds.
  path: Assets/Kenny3D/Models/OBJ format/building-d.mtl
  artifactKey: Guid(418d186cad3e340ea8833e284d54db7c) Importer(2089858483,192608db42251d675da83286b1cce702)
Start importing Assets/Kenny3D/Models/OBJ format/building-d.mtl using Guid(418d186cad3e340ea8833e284d54db7c) Importer(2089858483,192608db42251d675da83286b1cce702) (ScriptedImporter) -> (artifact id: '945ccc961d8311950847df9e0bd14f95') in 0.011748042 seconds
Number of updated asset objects reloaded before import = 0Number of asset objects unloaded after import = 1

========================================================================
Received Import Request.
  Time since last request: 0.000062 seconds.
  path: Assets/Kenny3D/Models/GLB format/building-m.glb
  artifactKey: Guid(7ffcc98a58fdd4bbe839877cf831da11) Importer(2089858483,192608db42251d675da83286b1cce702)
Start importing Assets/Kenny3D/Models/GLB format/building-m.glb using Guid(7ffcc98a58fdd4bbe839877cf831da11) Importer(2089858483,192608db42251d675da83286b1cce702) (ScriptedImporter) -> (artifact id: '52ba7c6290bae277c1d75173a93b5e1d') in 0.001391291 seconds
Number of updated asset objects reloaded before import = 0Number of asset objects unloaded after import = 1

========================================================================
Received Import Request.
  Time since last request: 0.000087 seconds.
  path: Assets/Kenny3D/Models/OBJ format/building-f.mtl
  artifactKey: Guid(3204bf27beb35407fadfba295c8e0ff6) Importer(2089858483,192608db42251d675da83286b1cce702)
Start importing Assets/Kenny3D/Models/OBJ format/building-f.mtl using Guid(3204bf27beb35407fadfba295c8e0ff6) Importer(2089858483,192608db42251d675da83286b1cce702) (ScriptedImporter) -> (artifact id: '973dee0c1ceea2062e4c3a69ae09bd73') in 0.005155583 seconds
Number of updated asset objects reloaded before import = 0Number of asset objects unloaded after import = 1

========================================================================
Received Import Request.
  Time since last request: 0.000130 seconds.
  path: Assets/Kenny3D/Models/FBX format/building-c.fbx
  artifactKey: Guid(b5619eb9e63aa45f2b389e3756f85020) Importer(2089858483,192608db42251d675da83286b1cce702)
Start importing Assets/Kenny3D/Models/FBX format/building-c.fbx using Guid(b5619eb9e63aa45f2b389e3756f85020) Importer(2089858483,192608db42251d675da83286b1cce702) (ScriptedImporter) -> (artifact id: '4a470897fe3f05783f8497b5b9bb8c1f') in 0.096169875 seconds
Number of updated asset objects reloaded before import = 0Number of asset objects unloaded after import = 9

========================================================================
Received Import Request.
  Time since last request: 0.000033 seconds.
  path: Assets/Kenny3D/Models/OBJ format/building-j.obj
  artifactKey: Guid(4189c1cf6bf4a4a179a6b546cc2ec6aa) Importer(2089858483,192608db42251d675da83286b1cce702)
Start importing Assets/Kenny3D/Models/OBJ format/building-j.obj using Guid(4189c1cf6bf4a4a179a6b546cc2ec6aa) Importer(2089858483,192608db42251d675da83286b1cce702) (ScriptedImporter) -> (artifact id: '9b24dab84ce0dccd5d226f5585f54e3e') in 0.006423333 seconds
Number of updated asset objects reloaded before import = 0Number of asset objects unloaded after import = 11

========================================================================
Received Import Request.
  Time since last request: 0.000072 seconds.
  path: Assets/Kenny3D/Models/OBJ format/building-n.mtl
  artifactKey: Guid(cc4cc9c7bbb8549de8d3f8a49d285bda) Importer(2089858483,192608db42251d675da83286b1cce702)
Start importing Assets/Kenny3D/Models/OBJ format/building-n.mtl using Guid(cc4cc9c7bbb8549de8d3f8a49d285bda) Importer(2089858483,192608db42251d675da83286b1cce702) (ScriptedImporter) -> (artifact id: 'd37b848d3bdc739811786f9545a4b4e0') in 0.001658084 seconds
Number of updated asset objects reloaded before import = 0Number of asset objects unloaded after import = 1

========================================================================
Received Import Request.
  Time since last request: 0.000050 seconds.
  path: Assets/Kenny3D/Models/FBX format/building-i.fbx
  artifactKey: Guid(7a1d1783f759d42e39ccc173368293b9) Importer(2089858483,192608db42251d675da83286b1cce702)
Start importing Assets/Kenny3D/Models/FBX format/building-i.fbx using Guid(7a1d1783f759d42e39ccc173368293b9) Importer(2089858483,192608db42251d675da83286b1cce702) (ScriptedImporter) -> (artifact id: '2db95e5b301ab5aabe3854b170930215') in 0.008338958 seconds
Number of updated asset objects reloaded before import = 0Number of asset objects unloaded after import = 9

========================================================================
Received Import Request.
  Time since last request: 0.000028 seconds.
  path: Assets/Kenny3D/Models/Textures
  artifactKey: Guid(3d82fe7328b8e449abebaf36b996039c) Importer(2089858483,192608db42251d675da83286b1cce702)
Start importing Assets/Kenny3D/Models/Textures using Guid(3d82fe7328b8e449abebaf36b996039c) Importer(2089858483,192608db42251d675da83286b1cce702) (ScriptedImporter) -> (artifact id: '47c5510b46cde532ad154e077d7724df') in 0.00122725 seconds
Number of updated asset objects reloaded before import = 0Number of asset objects unloaded after import = 1

========================================================================
Received Import Request.
  Time since last request: 0.000164 seconds.
  path: Assets/Kenny3D/Models/FBX format/building-t.fbx
  artifactKey: Guid(5ee86fff6c027404b9a3aa006c47402e) Importer(2089858483,192608db42251d675da83286b1cce702)
Start importing Assets/Kenny3D/Models/FBX format/building-t.fbx using Guid(5ee86fff6c027404b9a3aa006c47402e) Importer(2089858483,192608db42251d675da83286b1cce702) (ScriptedImporter) -> (artifact id: 'f3bbd321816a7d4a48f7d081a0646432') in 0.00812025 seconds
Number of updated asset objects reloaded before import = 0Number of asset objects unloaded after import = 9

========================================================================
Received Import Request.
  Time since last request: 0.000037 seconds.
  path: Assets/Kenny3D/Models/OBJ format/building-a.obj
  artifactKey: Guid(683adf622b58a4ba2aa050b169a98817) Importer(2089858483,192608db42251d675da83286b1cce702)
Start importing Assets/Kenny3D/Models/OBJ format/building-a.obj using Guid(683adf622b58a4ba2aa050b169a98817) Importer(2089858483,192608db42251d675da83286b1cce702) (ScriptedImporter) -> (artifact id: '824e455a21de30b7f53ec196366ceadb') in 0.007315625 seconds
Number of updated asset objects reloaded before import = 0Number of asset objects unloaded after import = 11

========================================================================
Received Import Request.
  Time since last request: 0.000074 seconds.
  path: Assets/Kenny3D/Models/OBJ format/building-s.obj
  artifactKey: Guid(dec7aa8ae13754290a64c940eeaac598) Importer(2089858483,192608db42251d675da83286b1cce702)
Start importing Assets/Kenny3D/Models/OBJ format/building-s.obj using Guid(dec7aa8ae13754290a64c940eeaac598) Importer(2089858483,192608db42251d675da83286b1cce702) (ScriptedImporter) -> (artifact id: 'abccdd8d524d44863b5ac5e95931c0d8') in 0.006565084 seconds
Number of updated asset objects reloaded before import = 0Number of asset objects unloaded after import = 11

========================================================================
Received Import Request.
  Time since last request: 0.000046 seconds.
  path: Assets/Kenny3D/Models/OBJ format/building-q.obj
  artifactKey: Guid(c298afba5cb1941cca01bcb5d1727eb4) Importer(2089858483,192608db42251d675da83286b1cce702)
Start importing Assets/Kenny3D/Models/OBJ format/building-q.obj using Guid(c298afba5cb1941cca01bcb5d1727eb4) Importer(2089858483,192608db42251d675da83286b1cce702) (ScriptedImporter) -> (artifact id: '0efdf32a406bf334216283287891d11f') in 0.006428916 seconds
Number of updated asset objects reloaded before import = 0Number of asset objects unloaded after import = 11

========================================================================
Received Import Request.
  Time since last request: 0.000047 seconds.
  path: Assets/Kenny3D/Models/OBJ format/Textures
  artifactKey: Guid(ba5cb5505eaa34175a0bb27933e29489) Importer(2089858483,192608db42251d675da83286b1cce702)
Start importing Assets/Kenny3D/Models/OBJ format/Textures using Guid(ba5cb5505eaa34175a0bb27933e29489) Importer(2089858483,192608db42251d675da83286b1cce702) (ScriptedImporter) -> (artifact id: 'c80f23cbf871f8a77729a89becd13751') in 0.001199333 seconds
Number of updated asset objects reloaded before import = 0Number of asset objects unloaded after import = 1

========================================================================
Received Import Request.
  Time since last request: 0.000067 seconds.
  path: Assets/Kenny3D/Models/FBX format/building-d.fbx
  artifactKey: Guid(ce4b4d275dfe84f20a405dd45f427033) Importer(2089858483,192608db42251d675da83286b1cce702)
Start importing Assets/Kenny3D/Models/FBX format/building-d.fbx using Guid(ce4b4d275dfe84f20a405dd45f427033) Importer(2089858483,192608db42251d675da83286b1cce702) (ScriptedImporter) -> (artifact id: '86bb9c0978b1530bd298ff137bf8916e') in 0.008043041 seconds
Number of updated asset objects reloaded before import = 0Number of asset objects unloaded after import = 9

========================================================================
Received Import Request.
  Time since last request: 0.000028 seconds.
  path: Assets/Kenny3D/Models/FBX format/building-f.fbx
  artifactKey: Guid(5e20b4c78c76a40cf917a08cb7a79b61) Importer(2089858483,192608db42251d675da83286b1cce702)
Start importing Assets/Kenny3D/Models/FBX format/building-f.fbx using Guid(5e20b4c78c76a40cf917a08cb7a79b61) Importer(2089858483,192608db42251d675da83286b1cce702) (ScriptedImporter) -> (artifact id: '1c3be2820f538c919e75911c957d6109') in 0.007765875 seconds
Number of updated asset objects reloaded before import = 0Number of asset objects unloaded after import = 9

========================================================================
Received Import Request.
  Time since last request: 0.000029 seconds.
  path: Assets/Kenny3D/Models/OBJ format/building-p.obj
  artifactKey: Guid(b5d0b9d60e885473492174feb407c4c4) Importer(2089858483,192608db42251d675da83286b1cce702)
Start importing Assets/Kenny3D/Models/OBJ format/building-p.obj using Guid(b5d0b9d60e885473492174feb407c4c4) Importer(2089858483,192608db42251d675da83286b1cce702) (ScriptedImporter) -> (artifact id: '0b09765a36c8f1dd1cb384cfbc298e2c') in 0.007208916 seconds
Number of updated asset objects reloaded before import = 0Number of asset objects unloaded after import = 11

========================================================================
Received Import Request.
  Time since last request: 0.000036 seconds.
  path: Assets/Kenny3D/Models/FBX format/building-n.fbx
  artifactKey: Guid(18e78ea4f11d3482da093f014694ee91) Importer(2089858483,192608db42251d675da83286b1cce702)
Start importing Assets/Kenny3D/Models/FBX format/building-n.fbx using Guid(18e78ea4f11d3482da093f014694ee91) Importer(2089858483,192608db42251d675da83286b1cce702) (ScriptedImporter) -> (artifact id: '5241be2d53b4c854c3457bd099ef464a') in 0.009293875 seconds
Number of updated asset objects reloaded before import = 0Number of asset objects unloaded after import = 9

========================================================================
Received Import Request.
  Time since last request: 0.000076 seconds.
  path: Assets/Kenny3D/Models/FBX format/Textures
  artifactKey: Guid(2eff48d6b3d2b4c68a04af1556222d28) Importer(2089858483,192608db42251d675da83286b1cce702)
Start importing Assets/Kenny3D/Models/FBX format/Textures using Guid(2eff48d6b3d2b4c68a04af1556222d28) Importer(2089858483,192608db42251d675da83286b1cce702) (ScriptedImporter) -> (artifact id: 'd42919a0909f6a5ec4b6354dedea4ca9') in 0.001582375 seconds
Number of updated asset objects reloaded before import = 0Number of asset objects unloaded after import = 1

========================================================================
Received Import Request.
  Time since last request: 0.000140 seconds.
  path: Assets/Kenny3D/Models/OBJ format/building-d.obj
  artifactKey: Guid(9f20c9251529c4a41a5eeb174081be93) Importer(2089858483,192608db42251d675da83286b1cce702)
Start importing Assets/Kenny3D/Models/OBJ format/building-d.obj using Guid(9f20c9251529c4a41a5eeb174081be93) Importer(2089858483,192608db42251d675da83286b1cce702) (ScriptedImporter) -> (artifact id: '404089cc0a3c11f00ee3dc9793492259') in 0.007677042 seconds
Number of updated asset objects reloaded before import = 0Number of asset objects unloaded after import = 11

========================================================================
Received Import Request.
  Time since last request: 0.000072 seconds.
  path: Assets/Kenny3D/Models/GLB format/building-h.glb
  artifactKey: Guid(ec0b3cb2377d642278867bedf08666b2) Importer(2089858483,192608db42251d675da83286b1cce702)
Start importing Assets/Kenny3D/Models/GLB format/building-h.glb using Guid(ec0b3cb2377d642278867bedf08666b2) Importer(2089858483,192608db42251d675da83286b1cce702) (ScriptedImporter) -> (artifact id: 'a3edeafe9decd981c600194657ebbc03') in 0.001803 seconds
Number of updated asset objects reloaded before import = 0Number of asset objects unloaded after import = 1

========================================================================
Received Import Request.
  Time since last request: 0.000114 seconds.
  path: Assets/Kenny3D/Models/OBJ format/building-p.mtl
  artifactKey: Guid(e08299800da994a928a93032a8a26b07) Importer(2089858483,192608db42251d675da83286b1cce702)
Start importing Assets/Kenny3D/Models/OBJ format/building-p.mtl using Guid(e08299800da994a928a93032a8a26b07) Importer(2089858483,192608db42251d675da83286b1cce702) (ScriptedImporter) -> (artifact id: '9282fee455594625ed1ca2544025609b') in 0.001274208 seconds
Number of updated asset objects reloaded before import = 0Number of asset objects unloaded after import = 1

========================================================================
Received Import Request.
  Time since last request: 0.000141 seconds.
  path: Assets/Kenny3D/Models/OBJ format/building-c.mtl
  artifactKey: Guid(09335403988b944239883f7be5e3f099) Importer(2089858483,192608db42251d675da83286b1cce702)
Start importing Assets/Kenny3D/Models/OBJ format/building-c.mtl using Guid(09335403988b944239883f7be5e3f099) Importer(2089858483,192608db42251d675da83286b1cce702) (ScriptedImporter) -> (artifact id: '939ef57dfe1b5f956e4a7d4935de010f') in 0.001620583 seconds
Number of updated asset objects reloaded before import = 0Number of asset objects unloaded after import = 1

========================================================================
Received Import Request.
  Time since last request: 0.000041 seconds.
  path: Assets/Kenny3D/Models/OBJ format/chimney-medium.mtl
  artifactKey: Guid(883d23720f4ed45d0a30898d7460f120) Importer(2089858483,192608db42251d675da83286b1cce702)
Start importing Assets/Kenny3D/Models/OBJ format/chimney-medium.mtl using Guid(883d23720f4ed45d0a30898d7460f120) Importer(2089858483,192608db42251d675da83286b1cce702) (ScriptedImporter) -> (artifact id: 'f0b7f2ae347dd406ff3caa9c7cb75a88') in 0.001610083 seconds
Number of updated asset objects reloaded before import = 0Number of asset objects unloaded after import = 1

========================================================================
Received Import Request.
  Time since last request: 0.000095 seconds.
  path: Assets/Kenny3D/Models/GLB format/building-r.glb
  artifactKey: Guid(706985e666dcb4a25b9726a55bf663d5) Importer(2089858483,192608db42251d675da83286b1cce702)
Start importing Assets/Kenny3D/Models/GLB format/building-r.glb using Guid(706985e666dcb4a25b9726a55bf663d5) Importer(2089858483,192608db42251d675da83286b1cce702) (ScriptedImporter) -> (artifact id: '355aa6e248f5b5deb8dd847a1a628201') in 0.001380334 seconds
Number of updated asset objects reloaded before import = 0Number of asset objects unloaded after import = 1

========================================================================
Received Import Request.
  Time since last request: 0.000125 seconds.
  path: Assets/Kenny3D/Models/OBJ format/building-s.mtl
  artifactKey: Guid(76a34b211136945cda3c9cb98ad57a90) Importer(2089858483,192608db42251d675da83286b1cce702)
Start importing Assets/Kenny3D/Models/OBJ format/building-s.mtl using Guid(76a34b211136945cda3c9cb98ad57a90) Importer(2089858483,192608db42251d675da83286b1cce702) (ScriptedImporter) -> (artifact id: '569fcb914683fe3758dd556a44f856bc') in 0.001043583 seconds
Number of updated asset objects reloaded before import = 0Number of asset objects unloaded after import = 1

========================================================================
Received Import Request.
  Time since last request: 0.000071 seconds.
  path: Assets/Kenny3D/Models/OBJ format/building-m.obj
  artifactKey: Guid(26c0df3760ae646d39adb27a08df85f6) Importer(2089858483,192608db42251d675da83286b1cce702)
Start importing Assets/Kenny3D/Models/OBJ format/building-m.obj using Guid(26c0df3760ae646d39adb27a08df85f6) Importer(2089858483,192608db42251d675da83286b1cce702) (ScriptedImporter) -> (artifact id: '5a2c63bb44e2db2948bf4ffd2cac9bf3') in 0.006947875 seconds
Number of updated asset objects reloaded before import = 0Number of asset objects unloaded after import = 11

========================================================================
Received Import Request.
  Time since last request: 0.000039 seconds.
  path: Assets/Kenny3D/Models/FBX format/building-r.fbx
  artifactKey: Guid(a0f023aab535a4a2fa64e9543a1dc211) Importer(2089858483,192608db42251d675da83286b1cce702)
Start importing Assets/Kenny3D/Models/FBX format/building-r.fbx using Guid(a0f023aab535a4a2fa64e9543a1dc211) Importer(2089858483,192608db42251d675da83286b1cce702) (ScriptedImporter) -> (artifact id: '6121e48350d321109dc81183126f20e8') in 0.00963875 seconds
Number of updated asset objects reloaded before import = 0Number of asset objects unloaded after import = 9

========================================================================
Received Import Request.
  Time since last request: 0.000032 seconds.
  path: Assets/Kenny3D/Models/GLB format/building-j.glb
  artifactKey: Guid(e3a01569ec6e44144805e3895872bede) Importer(2089858483,192608db42251d675da83286b1cce702)
Start importing Assets/Kenny3D/Models/GLB format/building-j.glb using Guid(e3a01569ec6e44144805e3895872bede) Importer(2089858483,192608db42251d675da83286b1cce702) (ScriptedImporter) -> (artifact id: '5c0591a9b93dd3b41d34647522d368b2') in 0.001212583 seconds
Number of updated asset objects reloaded before import = 0Number of asset objects unloaded after import = 1

========================================================================
Received Import Request.
  Time since last request: 0.000134 seconds.
  path: Assets/Kenny3D/Models/OBJ format/chimney-small.mtl
  artifactKey: Guid(78cb4bb4c004e47c9b20fbd99752d37b) Importer(2089858483,192608db42251d675da83286b1cce702)
Start importing Assets/Kenny3D/Models/OBJ format/chimney-small.mtl using Guid(78cb4bb4c004e47c9b20fbd99752d37b) Importer(2089858483,192608db42251d675da83286b1cce702) (ScriptedImporter) -> (artifact id: '364a735526ecba0344213c0d830ae0a8') in 0.001319459 seconds
Number of updated asset objects reloaded before import = 0Number of asset objects unloaded after import = 1

========================================================================
Received Import Request.
  Time since last request: 0.000042 seconds.
  path: Assets/Kenny3D/Models/GLB format/Textures
  artifactKey: Guid(358d5cbf63e3d4b6eae934cdbf1d798e) Importer(2089858483,192608db42251d675da83286b1cce702)
Start importing Assets/Kenny3D/Models/GLB format/Textures using Guid(358d5cbf63e3d4b6eae934cdbf1d798e) Importer(2089858483,192608db42251d675da83286b1cce702) (ScriptedImporter) -> (artifact id: 'e7c797ec46173df03f922a7bb14d8e85') in 0.000917917 seconds
Number of updated asset objects reloaded before import = 0Number of asset objects unloaded after import = 1

========================================================================
Received Import Request.
  Time since last request: 0.000073 seconds.
  path: Assets/Kenny3D/Models/GLB format/building-l.glb
  artifactKey: Guid(14e935ca039b744eb8aa05f3c5fb2993) Importer(2089858483,192608db42251d675da83286b1cce702)
Start importing Assets/Kenny3D/Models/GLB format/building-l.glb using Guid(14e935ca039b744eb8aa05f3c5fb2993) Importer(2089858483,192608db42251d675da83286b1cce702) (ScriptedImporter) -> (artifact id: 'bb68eee3b1ced36690d052ae1650bd01') in 0.001149917 seconds
Number of updated asset objects reloaded before import = 0Number of asset objects unloaded after import = 1

========================================================================
Received Import Request.
  Time since last request: 0.000049 seconds.
  path: Assets/Kenny3D/Models/FBX format/building-p.fbx
  artifactKey: Guid(802cee05106794e42949d46a4ed37074) Importer(2089858483,192608db42251d675da83286b1cce702)
Start importing Assets/Kenny3D/Models/FBX format/building-p.fbx using Guid(802cee05106794e42949d46a4ed37074) Importer(2089858483,192608db42251d675da83286b1cce702) (ScriptedImporter) -> (artifact id: '2bb52d02b1b482e9d45e986bd194c861') in 0.008406375 seconds
Number of updated asset objects reloaded before import = 0Number of asset objects unloaded after import = 9

========================================================================
Received Import Request.
  Time since last request: 0.000035 seconds.
  path: Assets/Kenny3D/Models/FBX format/chimney-large.fbx
  artifactKey: Guid(c1c3d59b18e54440c9fccd61eba165f7) Importer(2089858483,192608db42251d675da83286b1cce702)
Start importing Assets/Kenny3D/Models/FBX format/chimney-large.fbx using Guid(c1c3d59b18e54440c9fccd61eba165f7) Importer(2089858483,192608db42251d675da83286b1cce702) (ScriptedImporter) -> (artifact id: '1a117719562ea2195ef59c82ad9614d3') in 0.008331916 seconds
Number of updated asset objects reloaded before import = 0Number of asset objects unloaded after import = 9

========================================================================
Received Import Request.
  Time since last request: 0.000032 seconds.
  path: Assets/Kenny3D/Models/FBX format/building-s.fbx
  artifactKey: Guid(1aa7f7ce377d3429e9d6fe3caa20d2b9) Importer(2089858483,192608db42251d675da83286b1cce702)
Start importing Assets/Kenny3D/Models/FBX format/building-s.fbx using Guid(1aa7f7ce377d3429e9d6fe3caa20d2b9) Importer(2089858483,192608db42251d675da83286b1cce702) (ScriptedImporter) -> (artifact id: 'cff9d03a05e43fc70b7dd9f9d484b996') in 0.008145042 seconds
Number of updated asset objects reloaded before import = 0Number of asset objects unloaded after import = 9

========================================================================
Received Import Request.
  Time since last request: 0.000031 seconds.
  path: Assets/Kenny3D/Models/GLB format/detail-tank.glb
  artifactKey: Guid(38e0b4462a464425cb1a92e92a951e13) Importer(2089858483,192608db42251d675da83286b1cce702)
Start importing Assets/Kenny3D/Models/GLB format/detail-tank.glb using Guid(38e0b4462a464425cb1a92e92a951e13) Importer(2089858483,192608db42251d675da83286b1cce702) (ScriptedImporter) -> (artifact id: '44752ccb20e2dd939ebad489e8c04dfb') in 0.001326833 seconds
Number of updated asset objects reloaded before import = 0Number of asset objects unloaded after import = 1

========================================================================
Received Import Request.
  Time since last request: 0.000071 seconds.
  path: Assets/Kenny3D/Models/FBX format/chimney-basic.fbx
  artifactKey: Guid(30d80372c2a824eb9923a87d33053900) Importer(2089858483,192608db42251d675da83286b1cce702)
Start importing Assets/Kenny3D/Models/FBX format/chimney-basic.fbx using Guid(30d80372c2a824eb9923a87d33053900) Importer(2089858483,192608db42251d675da83286b1cce702) (ScriptedImporter) -> (artifact id: '2142c326d1936a90925c337de40188b7') in 0.008508333 seconds
Number of updated asset objects reloaded before import = 0Number of asset objects unloaded after import = 9

========================================================================
Received Import Request.
  Time since last request: 0.000039 seconds.
  path: Assets/Kenny3D/Models/OBJ format/building-a.mtl
  artifactKey: Guid(ce34dcc51f9ff4929a09efa31509834c) Importer(2089858483,192608db42251d675da83286b1cce702)
Start importing Assets/Kenny3D/Models/OBJ format/building-a.mtl using Guid(ce34dcc51f9ff4929a09efa31509834c) Importer(2089858483,192608db42251d675da83286b1cce702) (ScriptedImporter) -> (artifact id: '4da1bdc5ff234bac42a8cf0e3498b3c1') in 0.001269125 seconds
Number of updated asset objects reloaded before import = 0Number of asset objects unloaded after import = 1

========================================================================
Received Import Request.
  Time since last request: 0.000065 seconds.
  path: Assets/Kenny3D/Models
  artifactKey: Guid(13a0c7590205d4840874100fe77b0e2a) Importer(815301076,1909f56bfc062723c751e8b465ee728b)
Start importing Assets/Kenny3D/Models using Guid(13a0c7590205d4840874100fe77b0e2a) Importer(815301076,1909f56bfc062723c751e8b465ee728b) (PreviewImporter) -> (artifact id: '650ae4ea1a42e054226504563c2f8b20') in 0.000234167 seconds
Number of updated asset objects reloaded before import = 0Number of asset objects unloaded after import = 0

========================================================================
Received Import Request.
  Time since last request: 0.000035 seconds.
  path: Assets/Kenny3D/Models/FBX format/building-e.fbx
  artifactKey: Guid(5e0a4a9e2964549d2b4ef8e4970b13c4) Importer(2089858483,192608db42251d675da83286b1cce702)
Start importing Assets/Kenny3D/Models/FBX format/building-e.fbx using Guid(5e0a4a9e2964549d2b4ef8e4970b13c4) Importer(2089858483,192608db42251d675da83286b1cce702) (ScriptedImporter) -> (artifact id: 'e3e4abd71b3e9714b2e3dc1f46d5ec2a') in 0.007975583 seconds
Number of updated asset objects reloaded before import = 0Number of asset objects unloaded after import = 9

========================================================================
Received Import Request.
  Time since last request: 0.000069 seconds.
  path: Assets/Kenny3D/Models/FBX format/building-k.fbx
  artifactKey: Guid(11066f8f6792444b39563897cc57b99e) Importer(2089858483,192608db42251d675da83286b1cce702)
Start importing Assets/Kenny3D/Models/FBX format/building-k.fbx using Guid(11066f8f6792444b39563897cc57b99e) Importer(2089858483,192608db42251d675da83286b1cce702) (ScriptedImporter) -> (artifact id: '4cd41066561fc5c3e0b4d095ca08a91c') in 0.00845425 seconds
Number of updated asset objects reloaded before import = 0Number of asset objects unloaded after import = 9

========================================================================
Received Import Request.
  Time since last request: 0.000090 seconds.
  path: Assets/Kenny3D/Models/OBJ format/building-h.mtl
  artifactKey: Guid(8d09ed3276ebc45c29919009ea4e16a3) Importer(2089858483,192608db42251d675da83286b1cce702)
Start importing Assets/Kenny3D/Models/OBJ format/building-h.mtl using Guid(8d09ed3276ebc45c29919009ea4e16a3) Importer(2089858483,192608db42251d675da83286b1cce702) (ScriptedImporter) -> (artifact id: '926804f35ae665dd61da8de14f792139') in 0.00133675 seconds
Number of updated asset objects reloaded before import = 0Number of asset objects unloaded after import = 1

========================================================================
Received Import Request.
  Time since last request: 0.000112 seconds.
  path: Assets/Kenny3D/Models/FBX format/building-g.fbx
  artifactKey: Guid(185d3a4233e5b4c449ebfac3fb568e34) Importer(2089858483,192608db42251d675da83286b1cce702)
Start importing Assets/Kenny3D/Models/FBX format/building-g.fbx using Guid(185d3a4233e5b4c449ebfac3fb568e34) Importer(2089858483,192608db42251d675da83286b1cce702) (ScriptedImporter) -> (artifact id: '3c797c21c6ddedc5817382428fcd67fb') in 0.008863708 seconds
Number of updated asset objects reloaded before import = 0Number of asset objects unloaded after import = 9

========================================================================
Received Import Request.
  Time since last request: 0.000034 seconds.
  path: Assets/Kenny3D/Models/OBJ format/building-m.mtl
  artifactKey: Guid(1e7f91e0e9e8a46108954a51075cfd49) Importer(2089858483,192608db42251d675da83286b1cce702)
Start importing Assets/Kenny3D/Models/OBJ format/building-m.mtl using Guid(1e7f91e0e9e8a46108954a51075cfd49) Importer(2089858483,192608db42251d675da83286b1cce702) (ScriptedImporter) -> (artifact id: '769ac77ff0c4a4280924dfb11c95e62e') in 0.001256333 seconds
Number of updated asset objects reloaded before import = 0Number of asset objects unloaded after import = 1

========================================================================
Received Import Request.
  Time since last request: 0.000063 seconds.
  path: Assets/Kenny3D/Models/OBJ format/Textures/colormap.png
  artifactKey: Guid(eecbaca965e7441d88950a1894141109) Importer(2089858483,192608db42251d675da83286b1cce702)
Start importing Assets/Kenny3D/Models/OBJ format/Textures/colormap.png using Guid(eecbaca965e7441d88950a1894141109) Importer(2089858483,192608db42251d675da83286b1cce702) (ScriptedImporter) -> (artifact id: 'b5a2d15f6fd635bb0e7971b38e8a11ce') in 0.027152709 seconds
Number of updated asset objects reloaded before import = 0Number of asset objects unloaded after import = 1

========================================================================
Received Import Request.
  Time since last request: 0.000048 seconds.
  path: Assets/Kenny3D/Models/GLB format/building-c.glb
  artifactKey: Guid(7f15ea5ee62ce4e9e8a0eb90c0f088b2) Importer(2089858483,192608db42251d675da83286b1cce702)
Start importing Assets/Kenny3D/Models/GLB format/building-c.glb using Guid(7f15ea5ee62ce4e9e8a0eb90c0f088b2) Importer(2089858483,192608db42251d675da83286b1cce702) (ScriptedImporter) -> (artifact id: 'ee137efcc2464f088fd12bf3d8455fba') in 0.001005709 seconds
Number of updated asset objects reloaded before import = 0Number of asset objects unloaded after import = 1

========================================================================
Received Import Request.
  Time since last request: 0.000033 seconds.
  path: Assets/Kenny3D/Models/OBJ format/building-n.obj
  artifactKey: Guid(452c9b64a87f4409585acdd8cc896fdb) Importer(2089858483,192608db42251d675da83286b1cce702)
Start importing Assets/Kenny3D/Models/OBJ format/building-n.obj using Guid(452c9b64a87f4409585acdd8cc896fdb) Importer(2089858483,192608db42251d675da83286b1cce702) (ScriptedImporter) -> (artifact id: '2ea8f153afbd1ad3d64a533dce8a5784') in 0.006895958 seconds
Number of updated asset objects reloaded before import = 0Number of asset objects unloaded after import = 11

========================================================================
Received Import Request.
  Time since last request: 0.000065 seconds.
  path: Assets/Kenny3D/Models/GLB format/building-n.glb
  artifactKey: Guid(de9dc79013206488bb75d7d06d374e90) Importer(2089858483,192608db42251d675da83286b1cce702)
Start importing Assets/Kenny3D/Models/GLB format/building-n.glb using Guid(de9dc79013206488bb75d7d06d374e90) Importer(2089858483,192608db42251d675da83286b1cce702) (ScriptedImporter) -> (artifact id: '4c35ecb8ffb8844280e0021b10be3cde') in 0.001394208 seconds
Number of updated asset objects reloaded before import = 0Number of asset objects unloaded after import = 1

========================================================================
Received Import Request.
  Time since last request: 0.157091 seconds.
  path: Assets/Kenny3D/Models/GLB format/building-t.glb
  artifactKey: Guid(1a4dbc2659e88487286288ae92ae65cc) Importer(2089858483,192608db42251d675da83286b1cce702)
Start importing Assets/Kenny3D/Models/GLB format/building-t.glb using Guid(1a4dbc2659e88487286288ae92ae65cc) Importer(2089858483,192608db42251d675da83286b1cce702) (ScriptedImporter) -> (artifact id: '8866c3e3b4768c6908255fad1ff12f93') in 0.001438166 seconds
Number of updated asset objects reloaded before import = 0Number of asset objects unloaded after import = 1

========================================================================
Received Import Request.
  Time since last request: 0.000066 seconds.
  path: Assets/Kenny3D/Models/OBJ format/building-j.mtl
  artifactKey: Guid(5fa17d35bb5644caeacd20916925f929) Importer(2089858483,192608db42251d675da83286b1cce702)
Start importing Assets/Kenny3D/Models/OBJ format/building-j.mtl using Guid(5fa17d35bb5644caeacd20916925f929) Importer(2089858483,192608db42251d675da83286b1cce702) (ScriptedImporter) -> (artifact id: '20bb671669d264aad7cc8c251d4ffc4e') in 0.001339042 seconds
Number of updated asset objects reloaded before import = 0Number of asset objects unloaded after import = 1

========================================================================
Received Import Request.
  Time since last request: 0.000049 seconds.
  path: Assets/Kenny3D/Models/FBX format/building-q.fbx
  artifactKey: Guid(c6405b2d8966c410bba968fff9716451) Importer(2089858483,192608db42251d675da83286b1cce702)
Start importing Assets/Kenny3D/Models/FBX format/building-q.fbx using Guid(c6405b2d8966c410bba968fff9716451) Importer(2089858483,192608db42251d675da83286b1cce702) (ScriptedImporter) -> (artifact id: '52446807ea533074debd5a513c9753cc') in 0.007857084 seconds
Number of updated asset objects reloaded before import = 0Number of asset objects unloaded after import = 9

========================================================================
Received Import Request.
  Time since last request: 0.000058 seconds.
  path: Assets/Kenny3D/Models/GLB format/chimney-large.glb
  artifactKey: Guid(71d0abe9400ba4769a966acb7359550e) Importer(2089858483,192608db42251d675da83286b1cce702)
Start importing Assets/Kenny3D/Models/GLB format/chimney-large.glb using Guid(71d0abe9400ba4769a966acb7359550e) Importer(2089858483,192608db42251d675da83286b1cce702) (ScriptedImporter) -> (artifact id: 'c62ffc15f8b1f6f42ce22a48c49fe033') in 0.001556959 seconds
Number of updated asset objects reloaded before import = 0Number of asset objects unloaded after import = 1

========================================================================
Received Import Request.
  Time since last request: 0.000154 seconds.
  path: Assets/Kenny3D/Models/OBJ format/chimney-basic.obj
  artifactKey: Guid(1c1eddf0f83a24209969bec75d2d2d18) Importer(2089858483,192608db42251d675da83286b1cce702)
Start importing Assets/Kenny3D/Models/OBJ format/chimney-basic.obj using Guid(1c1eddf0f83a24209969bec75d2d2d18) Importer(2089858483,192608db42251d675da83286b1cce702) (ScriptedImporter) -> (artifact id: 'ca49a0ab435c324a38e6bb792e353a80') in 0.006524875 seconds
Number of updated asset objects reloaded before import = 0Number of asset objects unloaded after import = 11

========================================================================
Received Import Request.
  Time since last request: 0.000041 seconds.
  path: Assets/Kenny3D/Models/FBX format/chimney-small.fbx
  artifactKey: Guid(fe41ac50d68a94a5eb99ee00d83ba973) Importer(2089858483,192608db42251d675da83286b1cce702)
Start importing Assets/Kenny3D/Models/FBX format/chimney-small.fbx using Guid(fe41ac50d68a94a5eb99ee00d83ba973) Importer(2089858483,192608db42251d675da83286b1cce702) (ScriptedImporter) -> (artifact id: '1db6c1c785b9ed7154d6178550a99609') in 0.007655083 seconds
Number of updated asset objects reloaded before import = 0Number of asset objects unloaded after import = 9

========================================================================
Received Import Request.
  Time since last request: 0.000033 seconds.
  path: Assets/Kenny3D/Models/GLB format/chimney-basic.glb
  artifactKey: Guid(15fa77b879f284d9b8eb4103dfe31b61) Importer(2089858483,192608db42251d675da83286b1cce702)
Start importing Assets/Kenny3D/Models/GLB format/chimney-basic.glb using Guid(15fa77b879f284d9b8eb4103dfe31b61) Importer(2089858483,192608db42251d675da83286b1cce702) (ScriptedImporter) -> (artifact id: 'f2337259f55692f896f84950ce3e3441') in 0.0026745 seconds
Number of updated asset objects reloaded before import = 0Number of asset objects unloaded after import = 1

========================================================================
Received Import Request.
  Time since last request: 1.408822 seconds.
  path: Assets/Kenny3D/Models/OBJ format
  artifactKey: Guid(036d7c9cf4a19433bab399cb3bcba0e8) Importer(815301076,1909f56bfc062723c751e8b465ee728b)
Start importing Assets/Kenny3D/Models/OBJ format using Guid(036d7c9cf4a19433bab399cb3bcba0e8) Importer(815301076,1909f56bfc062723c751e8b465ee728b) (PreviewImporter) -> (artifact id: '11ad69ec19e8e546c765dae995ae1fc5') in 0.000266916 seconds
Number of updated asset objects reloaded before import = 0Number of asset objects unloaded after import = 0

========================================================================
Received Import Request.
  Time since last request: 0.097231 seconds.
  path: Assets/Kenny3D/Models/OBJ format/building-a.obj
  artifactKey: Guid(683adf622b58a4ba2aa050b169a98817) Importer(815301076,1909f56bfc062723c751e8b465ee728b)
Start importing Assets/Kenny3D/Models/OBJ format/building-a.obj using Guid(683adf622b58a4ba2aa050b169a98817) Importer(815301076,1909f56bfc062723c751e8b465ee728b) (PreviewImporter) -> (artifact id: '6b221b1f99954e2fd938eb48a84dfbab') in 0.566589542 seconds
Number of updated asset objects reloaded before import = 0Number of asset objects unloaded after import = 11

========================================================================
Received Import Request.
  Time since last request: 0.000041 seconds.
  path: Assets/Kenny3D/Models/OBJ format/building-h.obj
  artifactKey: Guid(56fac2cb0ee1f47c3bf4810550c80a99) Importer(815301076,1909f56bfc062723c751e8b465ee728b)
Start importing Assets/Kenny3D/Models/OBJ format/building-h.obj using Guid(56fac2cb0ee1f47c3bf4810550c80a99) Importer(815301076,1909f56bfc062723c751e8b465ee728b) (PreviewImporter) -> (artifact id: 'e914a1aed1116f1df6fbed1a91d8098e') in 0.011921209 seconds
Number of updated asset objects reloaded before import = 0Number of asset objects unloaded after import = 11

========================================================================
Received Import Request.
  Time since last request: 0.000070 seconds.
  path: Assets/Kenny3D/Models/OBJ format/building-m.obj
  artifactKey: Guid(26c0df3760ae646d39adb27a08df85f6) Importer(815301076,1909f56bfc062723c751e8b465ee728b)
Start importing Assets/Kenny3D/Models/OBJ format/building-m.obj using Guid(26c0df3760ae646d39adb27a08df85f6) Importer(815301076,1909f56bfc062723c751e8b465ee728b) (PreviewImporter) -> (artifact id: 'f6b80741ef68ff00da6bf13de95c0a27') in 0.012652542 seconds
Number of updated asset objects reloaded before import = 0Number of asset objects unloaded after import = 11

========================================================================
Received Import Request.
  Time since last request: 0.000085 seconds.
  path: Assets/Kenny3D/Models/OBJ format/building-j.obj
  artifactKey: Guid(4189c1cf6bf4a4a179a6b546cc2ec6aa) Importer(815301076,1909f56bfc062723c751e8b465ee728b)
Start importing Assets/Kenny3D/Models/OBJ format/building-j.obj using Guid(4189c1cf6bf4a4a179a6b546cc2ec6aa) Importer(815301076,1909f56bfc062723c751e8b465ee728b) (PreviewImporter) -> (artifact id: 'ba758db0ecfc5c97ae683fd3d67e1823') in 0.011942583 seconds
Number of updated asset objects reloaded before import = 0Number of asset objects unloaded after import = 11

========================================================================
Received Import Request.
  Time since last request: 0.000060 seconds.
  path: Assets/Kenny3D/Models/OBJ format/building-d.obj
  artifactKey: Guid(9f20c9251529c4a41a5eeb174081be93) Importer(815301076,1909f56bfc062723c751e8b465ee728b)
Start importing Assets/Kenny3D/Models/OBJ format/building-d.obj using Guid(9f20c9251529c4a41a5eeb174081be93) Importer(815301076,1909f56bfc062723c751e8b465ee728b) (PreviewImporter) -> (artifact id: 'bfa65073e4828f54d4225a25b50b39d1') in 0.012340041 seconds
Number of updated asset objects reloaded before import = 0Number of asset objects unloaded after import = 11

========================================================================
Received Import Request.
  Time since last request: 0.000063 seconds.
  path: Assets/Kenny3D/Models/OBJ format/building-k.obj
  artifactKey: Guid(be9b51dabe2924349be738478614620a) Importer(815301076,1909f56bfc062723c751e8b465ee728b)
Start importing Assets/Kenny3D/Models/OBJ format/building-k.obj using Guid(be9b51dabe2924349be738478614620a) Importer(815301076,1909f56bfc062723c751e8b465ee728b) (PreviewImporter) -> (artifact id: '3e249f0c2e31011ac2d701b40ab785b8') in 0.011919625 seconds
Number of updated asset objects reloaded before import = 0Number of asset objects unloaded after import = 11

========================================================================
Received Import Request.
  Time since last request: 0.000107 seconds.
  path: Assets/Kenny3D/Models/OBJ format/building-l.obj
  artifactKey: Guid(cdc6626a2d7f6444bb2a4bea4f8eaf73) Importer(815301076,1909f56bfc062723c751e8b465ee728b)
Start importing Assets/Kenny3D/Models/OBJ format/building-l.obj using Guid(cdc6626a2d7f6444bb2a4bea4f8eaf73) Importer(815301076,1909f56bfc062723c751e8b465ee728b) (PreviewImporter) -> (artifact id: '96438031fff55d40b66db3d8b42c0565') in 0.012180208 seconds
Number of updated asset objects reloaded before import = 0Number of asset objects unloaded after import = 11

========================================================================
Received Import Request.
  Time since last request: 0.000110 seconds.
  path: Assets/Kenny3D/Models/OBJ format/building-o.obj
  artifactKey: Guid(3f25ba789670d451da5585aea3cbcaa4) Importer(815301076,1909f56bfc062723c751e8b465ee728b)
Start importing Assets/Kenny3D/Models/OBJ format/building-o.obj using Guid(3f25ba789670d451da5585aea3cbcaa4) Importer(815301076,1909f56bfc062723c751e8b465ee728b) (PreviewImporter) -> (artifact id: '06e3850bb3d05b13ac20f6badb243548') in 0.011035041 seconds
Number of updated asset objects reloaded before import = 0Number of asset objects unloaded after import = 11

========================================================================
Received Import Request.
  Time since last request: 204.738897 seconds.
  path: Assets/Kenny3D/Models/FBX format
  artifactKey: Guid(588a32f3cddce4f929687cada4b67724) Importer(815301076,1909f56bfc062723c751e8b465ee728b)
Start importing Assets/Kenny3D/Models/FBX format using Guid(588a32f3cddce4f929687cada4b67724) Importer(815301076,1909f56bfc062723c751e8b465ee728b) (PreviewImporter) -> (artifact id: '7266dc0213edeb4cac745e5cad35fc7a') in 0.001335916 seconds
Number of updated asset objects reloaded before import = 0Number of asset objects unloaded after import = 0

========================================================================
Received Import Request.
  Time since last request: 0.075862 seconds.
  path: Assets/Kenny3D/Models/FBX format/building-a.fbx
  artifactKey: Guid(c8634ede7e4cb4765837bdebb519c2ba) Importer(815301076,1909f56bfc062723c751e8b465ee728b)
Start importing Assets/Kenny3D/Models/FBX format/building-a.fbx using Guid(c8634ede7e4cb4765837bdebb519c2ba) Importer(815301076,1909f56bfc062723c751e8b465ee728b) (PreviewImporter) -> (artifact id: '9282667fe70aff05665264eaf8211224') in 0.018474375 seconds
Number of updated asset objects reloaded before import = 0Number of asset objects unloaded after import = 9

========================================================================
Received Import Request.
  Time since last request: 0.000071 seconds.
  path: Assets/Kenny3D/Models/FBX format/chimney-medium.fbx
  artifactKey: Guid(c880e91e0eb2748a1927dd6f8d75a960) Importer(815301076,1909f56bfc062723c751e8b465ee728b)
Start importing Assets/Kenny3D/Models/FBX format/chimney-medium.fbx using Guid(c880e91e0eb2748a1927dd6f8d75a960) Importer(815301076,1909f56bfc062723c751e8b465ee728b) (PreviewImporter) -> (artifact id: 'c95bbd7c2084a8cf7c5c25052fb51599') in 0.011942 seconds
Number of updated asset objects reloaded before import = 0Number of asset objects unloaded after import = 9

========================================================================
Received Import Request.
  Time since last request: 0.000043 seconds.
  path: Assets/Kenny3D/Models/FBX format/building-p.fbx
  artifactKey: Guid(802cee05106794e42949d46a4ed37074) Importer(815301076,1909f56bfc062723c751e8b465ee728b)
Start importing Assets/Kenny3D/Models/FBX format/building-p.fbx using Guid(802cee05106794e42949d46a4ed37074) Importer(815301076,1909f56bfc062723c751e8b465ee728b) (PreviewImporter) -> (artifact id: 'fef643ab880713f655059b7eed82a3cf') in 0.010415375 seconds
Number of updated asset objects reloaded before import = 0Number of asset objects unloaded after import = 9

========================================================================
Received Import Request.
  Time since last request: 0.000065 seconds.
  path: Assets/Kenny3D/Models/FBX format/building-e.fbx
  artifactKey: Guid(5e0a4a9e2964549d2b4ef8e4970b13c4) Importer(815301076,1909f56bfc062723c751e8b465ee728b)
Start importing Assets/Kenny3D/Models/FBX format/building-e.fbx using Guid(5e0a4a9e2964549d2b4ef8e4970b13c4) Importer(815301076,1909f56bfc062723c751e8b465ee728b) (PreviewImporter) -> (artifact id: '08544284ef29ee57833877fd797b6b06') in 0.010678333 seconds
Number of updated asset objects reloaded before import = 0Number of asset objects unloaded after import = 9

========================================================================
Received Import Request.
  Time since last request: 0.000040 seconds.
  path: Assets/Kenny3D/Models/FBX format/chimney-basic.fbx
  artifactKey: Guid(30d80372c2a824eb9923a87d33053900) Importer(815301076,1909f56bfc062723c751e8b465ee728b)
Start importing Assets/Kenny3D/Models/FBX format/chimney-basic.fbx using Guid(30d80372c2a824eb9923a87d33053900) Importer(815301076,1909f56bfc062723c751e8b465ee728b) (PreviewImporter) -> (artifact id: '0789b7a74f20b78c18638e41eb48e9e1') in 0.011917708 seconds
Number of updated asset objects reloaded before import = 0Number of asset objects unloaded after import = 9

========================================================================
Received Import Request.
  Time since last request: 0.000051 seconds.
  path: Assets/Kenny3D/Models/FBX format/building-m.fbx
  artifactKey: Guid(d157a69180b40450c8f488bb24e32ab6) Importer(815301076,1909f56bfc062723c751e8b465ee728b)
Start importing Assets/Kenny3D/Models/FBX format/building-m.fbx using Guid(d157a69180b40450c8f488bb24e32ab6) Importer(815301076,1909f56bfc062723c751e8b465ee728b) (PreviewImporter) -> (artifact id: 'f556eda0a91caab1ee32202e5ad19601') in 0.009916417 seconds
Number of updated asset objects reloaded before import = 0Number of asset objects unloaded after import = 9

========================================================================
Received Import Request.
  Time since last request: 0.000075 seconds.
  path: Assets/Kenny3D/Models/FBX format/building-i.fbx
  artifactKey: Guid(7a1d1783f759d42e39ccc173368293b9) Importer(815301076,1909f56bfc062723c751e8b465ee728b)
Start importing Assets/Kenny3D/Models/FBX format/building-i.fbx using Guid(7a1d1783f759d42e39ccc173368293b9) Importer(815301076,1909f56bfc062723c751e8b465ee728b) (PreviewImporter) -> (artifact id: '3677be184f5c176d752f8bd33f5acce0') in 0.01019475 seconds
Number of updated asset objects reloaded before import = 0Number of asset objects unloaded after import = 9

========================================================================
Received Import Request.
  Time since last request: 0.000034 seconds.
  path: Assets/Kenny3D/Models/FBX format/building-c.fbx
  artifactKey: Guid(b5619eb9e63aa45f2b389e3756f85020) Importer(815301076,1909f56bfc062723c751e8b465ee728b)
Start importing Assets/Kenny3D/Models/FBX format/building-c.fbx using Guid(b5619eb9e63aa45f2b389e3756f85020) Importer(815301076,1909f56bfc062723c751e8b465ee728b) (PreviewImporter) -> (artifact id: '59dfa90cfdf024451f21730546937432') in 0.012089125 seconds
Number of updated asset objects reloaded before import = 0Number of asset objects unloaded after import = 9

========================================================================
Received Import Request.
  Time since last request: 0.000057 seconds.
  path: Assets/Kenny3D/Models/FBX format/building-o.fbx
  artifactKey: Guid(336234104fbc0492b9aa729b706a18ba) Importer(815301076,1909f56bfc062723c751e8b465ee728b)
Start importing Assets/Kenny3D/Models/FBX format/building-o.fbx using Guid(336234104fbc0492b9aa729b706a18ba) Importer(815301076,1909f56bfc062723c751e8b465ee728b) (PreviewImporter) -> (artifact id: '3e48f403194eff0d176a4c2615f93bd2') in 0.009944416 seconds
Number of updated asset objects reloaded before import = 0Number of asset objects unloaded after import = 9

========================================================================
Received Import Request.
  Time since last request: 0.000146 seconds.
  path: Assets/Kenny3D/Models/FBX format/building-q.fbx
  artifactKey: Guid(c6405b2d8966c410bba968fff9716451) Importer(815301076,1909f56bfc062723c751e8b465ee728b)
Start importing Assets/Kenny3D/Models/FBX format/building-q.fbx using Guid(c6405b2d8966c410bba968fff9716451) Importer(815301076,1909f56bfc062723c751e8b465ee728b) (PreviewImporter) -> (artifact id: 'aa4de76a9797229330161032263c58c4') in 0.009523125 seconds
Number of updated asset objects reloaded before import = 0Number of asset objects unloaded after import = 9

========================================================================
Received Import Request.
  Time since last request: 0.000121 seconds.
  path: Assets/Kenny3D/Models/FBX format/building-f.fbx
  artifactKey: Guid(5e20b4c78c76a40cf917a08cb7a79b61) Importer(815301076,1909f56bfc062723c751e8b465ee728b)
Start importing Assets/Kenny3D/Models/FBX format/building-f.fbx using Guid(5e20b4c78c76a40cf917a08cb7a79b61) Importer(815301076,1909f56bfc062723c751e8b465ee728b) (PreviewImporter) -> (artifact id: 'f6311e3ec743010ce1527df1e6782541') in 0.011455583 seconds
Number of updated asset objects reloaded before import = 0Number of asset objects unloaded after import = 9

========================================================================
Received Import Request.
  Time since last request: 0.000050 seconds.
  path: Assets/Kenny3D/Models/FBX format/chimney-large.fbx
  artifactKey: Guid(c1c3d59b18e54440c9fccd61eba165f7) Importer(815301076,1909f56bfc062723c751e8b465ee728b)
Start importing Assets/Kenny3D/Models/FBX format/chimney-large.fbx using Guid(c1c3d59b18e54440c9fccd61eba165f7) Importer(815301076,1909f56bfc062723c751e8b465ee728b) (PreviewImporter) -> (artifact id: '003a7cc4eb931b90187459714a8d7104') in 0.011315959 seconds
Number of updated asset objects reloaded before import = 0Number of asset objects unloaded after import = 9

========================================================================
Received Import Request.
  Time since last request: 0.000053 seconds.
  path: Assets/Kenny3D/Models/FBX format/building-k.fbx
  artifactKey: Guid(11066f8f6792444b39563897cc57b99e) Importer(815301076,1909f56bfc062723c751e8b465ee728b)
Start importing Assets/Kenny3D/Models/FBX format/building-k.fbx using Guid(11066f8f6792444b39563897cc57b99e) Importer(815301076,1909f56bfc062723c751e8b465ee728b) (PreviewImporter) -> (artifact id: 'f8fcf56278d0635beafafe121db58cf7') in 0.009332625 seconds
Number of updated asset objects reloaded before import = 0Number of asset objects unloaded after import = 9

========================================================================
Received Import Request.
  Time since last request: 13.436148 seconds.
  path: Assets/Kenny3D/Models/GLB format
  artifactKey: Guid(cfc67fe827dd6404ba4801c2cbc14c5a) Importer(815301076,1909f56bfc062723c751e8b465ee728b)
Start importing Assets/Kenny3D/Models/GLB format using Guid(cfc67fe827dd6404ba4801c2cbc14c5a) Importer(815301076,1909f56bfc062723c751e8b465ee728b) (PreviewImporter) -> (artifact id: '72097733b9b554149b41c6913f9b7dc8') in 0.000275833 seconds
Number of updated asset objects reloaded before import = 0Number of asset objects unloaded after import = 0

========================================================================
Received Import Request.
  Time since last request: 4.000470 seconds.
  path: Assets/Kenny3D/Models/OBJ format/building-a.mtl
  artifactKey: Guid(ce34dcc51f9ff4929a09efa31509834c) Importer(815301076,1909f56bfc062723c751e8b465ee728b)
Start importing Assets/Kenny3D/Models/OBJ format/building-a.mtl using Guid(ce34dcc51f9ff4929a09efa31509834c) Importer(815301076,1909f56bfc062723c751e8b465ee728b) (PreviewImporter) -> (artifact id: '30aa71345e0aa9e188da13df6ea734ec') in 0.000807458 seconds
Number of updated asset objects reloaded before import = 0Number of asset objects unloaded after import = 1

========================================================================
Received Import Request.
  Time since last request: 72.164849 seconds.
  path: Assets/Scenes/SampleScene.unity
  artifactKey: Guid(99c9720ab356a0642a771bea13969a05) Importer(2089858483,192608db42251d675da83286b1cce702)
Start importing Assets/Scenes/SampleScene.unity using Guid(99c9720ab356a0642a771bea13969a05) Importer(2089858483,192608db42251d675da83286b1cce702) (ScriptedImporter) -> (artifact id: '8c250881dd52f696f5b44bb8733ab511') in 0.003878875 seconds
Number of updated asset objects reloaded before import = 0Number of asset objects unloaded after import = 1

========================================================================
Received Import Request.
  Time since last request: 12.237739 seconds.
  path: Assets/Kenny3D/Models/OBJ format/building-p.obj
  artifactKey: Guid(b5d0b9d60e885473492174feb407c4c4) Importer(815301076,1909f56bfc062723c751e8b465ee728b)
Start importing Assets/Kenny3D/Models/OBJ format/building-p.obj using Guid(b5d0b9d60e885473492174feb407c4c4) Importer(815301076,1909f56bfc062723c751e8b465ee728b) (PreviewImporter) -> (artifact id: '5bf17a060a0856ae54158d95b525e52b') in 0.016118375 seconds
Number of updated asset objects reloaded before import = 0Number of asset objects unloaded after import = 11

========================================================================
Received Import Request.
  Time since last request: 0.000121 seconds.
  path: Assets/Kenny3D/Models/OBJ format/building-r.obj
  artifactKey: Guid(546d35824dfca43cfbd31ce77e1f9e96) Importer(815301076,1909f56bfc062723c751e8b465ee728b)
Start importing Assets/Kenny3D/Models/OBJ format/building-r.obj using Guid(546d35824dfca43cfbd31ce77e1f9e96) Importer(815301076,1909f56bfc062723c751e8b465ee728b) (PreviewImporter) -> (artifact id: '594878d4bdba5bc8d8c37e758b452f6f') in 0.014901292 seconds
Number of updated asset objects reloaded before import = 0Number of asset objects unloaded after import = 11

========================================================================
Received Import Request.
  Time since last request: 12.611717 seconds.
  path: Assets/Scenes/SampleScene.unity
  artifactKey: Guid(99c9720ab356a0642a771bea13969a05) Importer(2089858483,192608db42251d675da83286b1cce702)
Start importing Assets/Scenes/SampleScene.unity using Guid(99c9720ab356a0642a771bea13969a05) Importer(2089858483,192608db42251d675da83286b1cce702) (ScriptedImporter) -> (artifact id: '9802e0cfe3900bc218989c5d11b1ed31') in 0.004066709 seconds
Number of updated asset objects reloaded before import = 0Number of asset objects unloaded after import = 1

========================================================================
Received Import Request.
  Time since last request: 31.684639 seconds.
  path: Assets/Scenes/SampleScene.unity
  artifactKey: Guid(99c9720ab356a0642a771bea13969a05) Importer(2089858483,192608db42251d675da83286b1cce702)
Start importing Assets/Scenes/SampleScene.unity using Guid(99c9720ab356a0642a771bea13969a05) Importer(2089858483,192608db42251d675da83286b1cce702) (ScriptedImporter) -> (artifact id: '64e44986d900bf32da575a506532facf') in 0.002494875 seconds
Number of updated asset objects reloaded before import = 0Number of asset objects unloaded after import = 1

